// Jest Snapshot v1, https://goo.gl/fbAQLP

exports[`Home should render the Home correctly when email is not activated 1`] = `
"<Home>
  <WithWidth(_Header) />
  <PaperContainer style={{...}}>
    <WithStyles(ForwardRef(Container)) className=\\"makeStyles-container-2 \\" style={{...}} maxWidth=\\"md\\" disableGutters={true}>
      <ForwardRef(Container) classes={{...}} className=\\"makeStyles-container-2 \\" style={{...}} maxWidth=\\"md\\" disableGutters={true}>
        <div className=\\"MuiContainer-root makeStyles-container-2  MuiContainer-disableGutters MuiContainer-maxWidthMd\\" style={{...}}>
          <WithStyles(ForwardRef(Paper)) className=\\"makeStyles-paper-4\\">
            <ForwardRef(Paper) classes={{...}} className=\\"makeStyles-paper-4\\">
              <div className=\\"MuiPaper-root makeStyles-paper-4 MuiPaper-elevation1 MuiPaper-rounded\\">
                <WithStyles(ForwardRef(Container)) className=\\"centered makeStyles-innerContainer-1\\" maxWidth=\\"sm\\">
                  <ForwardRef(Container) classes={{...}} className=\\"centered makeStyles-innerContainer-1\\" maxWidth=\\"sm\\">
                    <div className=\\"MuiContainer-root centered makeStyles-innerContainer-1 MuiContainer-maxWidthSm\\">
                      <PaperContainerTitle>
                        <WithStyles(ForwardRef(Typography)) className=\\"makeStyles-title-3 \\" variant=\\"h3\\">
                          <ForwardRef(Typography) classes={{...}} className=\\"makeStyles-title-3 \\" variant=\\"h3\\">
                            <h3 className=\\"MuiTypography-root makeStyles-title-3  MuiTypography-h3\\">
                              Mes informations
                            </h3>
                          </ForwardRef(Typography)>
                        </WithStyles(ForwardRef(Typography))>
                      </PaperContainerTitle>
                      <ForwardRef title=\\"Moi\\">
                        <Styled(MuiBox) my={6} mb={6} className=\\"makeStyles-section-5\\">
                          <div className=\\"MuiBox-root MuiBox-root-7 makeStyles-section-5\\">
                            <WithStyles(ForwardRef(Typography)) className=\\"makeStyles-sectionTitle-6\\" variant=\\"h5\\">
                              <ForwardRef(Typography) classes={{...}} className=\\"makeStyles-sectionTitle-6\\" variant=\\"h5\\">
                                <h5 className=\\"MuiTypography-root makeStyles-sectionTitle-6 MuiTypography-h5\\">
                                  Moi
                                </h5>
                              </ForwardRef(Typography)>
                            </WithStyles(ForwardRef(Typography))>
                            <WithStyles(ForwardRef(Grid)) container={true} wrap=\\"wrap\\" spacing={4}>
                              <ForwardRef(Grid) classes={{...}} container={true} wrap=\\"wrap\\" spacing={4}>
                                <div className=\\"MuiGrid-root MuiGrid-container MuiGrid-spacing-xs-4\\">
                                  <WithStyles(ForwardRef(Grid)) item={true} xs={12}>
                                    <ForwardRef(Grid) classes={{...}} item={true} xs={12}>
                                      <div className=\\"MuiGrid-root MuiGrid-item MuiGrid-grid-xs-12\\">
                                        <InfoItem name=\\"Identifiant Mobilic\\" value=\\"1234\\" bold={true} info=\\"Cet identifiant est à communiquer à votre employeur afin qu\\\\'il vous rattache à l\\\\'entreprise\\">
                                          <WithStyles(ForwardRef(Grid)) container={true} wrap=\\"nowrap\\" spacing={0} alignItems=\\"flex-start\\">
                                            <ForwardRef(Grid) classes={{...}} container={true} wrap=\\"nowrap\\" spacing={0} alignItems=\\"flex-start\\">
                                              <div className=\\"MuiGrid-root MuiGrid-container MuiGrid-wrap-xs-nowrap MuiGrid-align-items-xs-flex-start\\">
                                                <WithStyles(ForwardRef(Grid)) item={true}>
                                                  <ForwardRef(Grid) classes={{...}} item={true}>
                                                    <div className=\\"MuiGrid-root MuiGrid-item\\">
                                                      <WithStyles(ForwardRef(Typography)) align=\\"left\\" className=\\"makeStyles-fieldName-8\\" variant=\\"overline\\">
                                                        <ForwardRef(Typography) classes={{...}} align=\\"left\\" className=\\"makeStyles-fieldName-8\\" variant=\\"overline\\">
                                                          <span className=\\"MuiTypography-root makeStyles-fieldName-8 MuiTypography-overline MuiTypography-alignLeft\\">
                                                            Identifiant Mobilic
                                                          </span>
                                                        </ForwardRef(Typography)>
                                                      </WithStyles(ForwardRef(Typography))>
                                                    </div>
                                                  </ForwardRef(Grid)>
                                                </WithStyles(ForwardRef(Grid))>
                                              </div>
                                            </ForwardRef(Grid)>
                                          </WithStyles(ForwardRef(Grid))>
                                          <WithStyles(ForwardRef(Typography)) noWrap={true} align=\\"left\\" className=\\"makeStyles-fieldValue-9 makeStyles-fieldValue-11\\">
                                            <ForwardRef(Typography) classes={{...}} noWrap={true} align=\\"left\\" className=\\"makeStyles-fieldValue-9 makeStyles-fieldValue-11\\">
                                              <p className=\\"MuiTypography-root makeStyles-fieldValue-9 makeStyles-fieldValue-11 MuiTypography-body1 MuiTypography-noWrap MuiTypography-alignLeft\\">
                                                1234
                                              </p>
                                            </ForwardRef(Typography)>
                                          </WithStyles(ForwardRef(Typography))>
                                          <WithStyles(ForwardRef(Alert)) severity=\\"info\\">
                                            <ForwardRef(Alert) classes={{...}} severity=\\"info\\">
                                              <WithStyles(ForwardRef(Paper)) role=\\"alert\\" square={true} elevation={0} className=\\"MuiAlert-root MuiAlert-standardInfo\\">
                                                <ForwardRef(Paper) classes={{...}} role=\\"alert\\" square={true} elevation={0} className=\\"MuiAlert-root MuiAlert-standardInfo\\">
                                                  <div className=\\"MuiPaper-root MuiAlert-root MuiAlert-standardInfo MuiPaper-elevation0\\" role=\\"alert\\">
                                                    <div className=\\"MuiAlert-icon\\">
                                                      <ForwardRef(InfoOutlinedIcon) fontSize=\\"inherit\\">
                                                        <WithStyles(ForwardRef(SvgIcon)) fontSize=\\"inherit\\">
                                                          <ForwardRef(SvgIcon) classes={{...}} fontSize=\\"inherit\\">
                                                            <svg className=\\"MuiSvgIcon-root MuiSvgIcon-fontSizeInherit\\" focusable=\\"false\\" viewBox=\\"0 0 24 24\\" color={[undefined]} aria-hidden={true} role={[undefined]}>
                                                              <path d=\\"M11,9H13V7H11M12,20C7.59,20 4,16.41 4,12C4,7.59 7.59,4 12,4C16.41,4 20,7.59 20, 12C20,16.41 16.41,20 12,20M12,2A10,10 0 0,0 2,12A10,10 0 0,0 12,22A10,10 0 0,0 22,12A10, 10 0 0,0 12,2M11,17H13V11H11V17Z\\" />
                                                            </svg>
                                                          </ForwardRef(SvgIcon)>
                                                        </WithStyles(ForwardRef(SvgIcon))>
                                                      </ForwardRef(InfoOutlinedIcon)>
                                                    </div>
                                                    <div className=\\"MuiAlert-message\\">
                                                      Cet identifiant est à communiquer à votre employeur afin qu&#39;il vous rattache à l&#39;entreprise
                                                    </div>
                                                  </div>
                                                </ForwardRef(Paper)>
                                              </WithStyles(ForwardRef(Paper))>
                                            </ForwardRef(Alert)>
                                          </WithStyles(ForwardRef(Alert))>
                                        </InfoItem>
                                      </div>
                                    </ForwardRef(Grid)>
                                  </WithStyles(ForwardRef(Grid))>
                                  <WithStyles(ForwardRef(Grid)) item={true} sm={6} zeroMinWidth={true}>
                                    <ForwardRef(Grid) classes={{...}} item={true} sm={6} zeroMinWidth={true}>
                                      <div className=\\"MuiGrid-root MuiGrid-item MuiGrid-zeroMinWidth MuiGrid-grid-sm-6\\">
                                        <InfoItem name=\\"Nom\\" value=\\"\\">
                                          <WithStyles(ForwardRef(Grid)) container={true} wrap=\\"nowrap\\" spacing={0} alignItems=\\"flex-start\\">
                                            <ForwardRef(Grid) classes={{...}} container={true} wrap=\\"nowrap\\" spacing={0} alignItems=\\"flex-start\\">
                                              <div className=\\"MuiGrid-root MuiGrid-container MuiGrid-wrap-xs-nowrap MuiGrid-align-items-xs-flex-start\\">
                                                <WithStyles(ForwardRef(Grid)) item={true}>
                                                  <ForwardRef(Grid) classes={{...}} item={true}>
                                                    <div className=\\"MuiGrid-root MuiGrid-item\\">
                                                      <WithStyles(ForwardRef(Typography)) align=\\"left\\" className=\\"makeStyles-fieldName-8\\" variant=\\"overline\\">
                                                        <ForwardRef(Typography) classes={{...}} align=\\"left\\" className=\\"makeStyles-fieldName-8\\" variant=\\"overline\\">
                                                          <span className=\\"MuiTypography-root makeStyles-fieldName-8 MuiTypography-overline MuiTypography-alignLeft\\">
                                                            Nom
                                                          </span>
                                                        </ForwardRef(Typography)>
                                                      </WithStyles(ForwardRef(Typography))>
                                                    </div>
                                                  </ForwardRef(Grid)>
                                                </WithStyles(ForwardRef(Grid))>
                                              </div>
                                            </ForwardRef(Grid)>
                                          </WithStyles(ForwardRef(Grid))>
                                          <WithStyles(ForwardRef(Typography)) noWrap={true} align=\\"left\\" className=\\"makeStyles-fieldValue-9 makeStyles-fieldValue-12\\">
                                            <ForwardRef(Typography) classes={{...}} noWrap={true} align=\\"left\\" className=\\"makeStyles-fieldValue-9 makeStyles-fieldValue-12\\">
                                              <p className=\\"MuiTypography-root makeStyles-fieldValue-9 makeStyles-fieldValue-12 MuiTypography-body1 MuiTypography-noWrap MuiTypography-alignLeft\\" />
                                            </ForwardRef(Typography)>
                                          </WithStyles(ForwardRef(Typography))>
                                        </InfoItem>
                                      </div>
                                    </ForwardRef(Grid)>
                                  </WithStyles(ForwardRef(Grid))>
                                  <WithStyles(ForwardRef(Grid)) item={true} xs={12} zeroMinWidth={true}>
                                    <ForwardRef(Grid) classes={{...}} item={true} xs={12} zeroMinWidth={true}>
                                      <div className=\\"MuiGrid-root MuiGrid-item MuiGrid-zeroMinWidth MuiGrid-grid-xs-12\\">
                                        <InfoItem data-qa=\\"emailInfoItem\\" name=\\"Email\\" value=\\"testemail@yopmail.com\\" actionTitle=\\"Modifier email\\" action={[Function: action]} alertComponent={{...}}>
                                          <WithStyles(ForwardRef(Grid)) container={true} wrap=\\"nowrap\\" spacing={0} alignItems=\\"flex-start\\">
                                            <ForwardRef(Grid) classes={{...}} container={true} wrap=\\"nowrap\\" spacing={0} alignItems=\\"flex-start\\">
                                              <div className=\\"MuiGrid-root MuiGrid-container MuiGrid-wrap-xs-nowrap MuiGrid-align-items-xs-flex-start\\">
                                                <WithStyles(ForwardRef(Grid)) item={true}>
                                                  <ForwardRef(Grid) classes={{...}} item={true}>
                                                    <div className=\\"MuiGrid-root MuiGrid-item\\">
                                                      <WithStyles(ForwardRef(Typography)) align=\\"left\\" className=\\"makeStyles-fieldName-8\\" variant=\\"overline\\">
                                                        <ForwardRef(Typography) classes={{...}} align=\\"left\\" className=\\"makeStyles-fieldName-8\\" variant=\\"overline\\">
                                                          <span className=\\"MuiTypography-root makeStyles-fieldName-8 MuiTypography-overline MuiTypography-alignLeft\\">
                                                            Email
                                                          </span>
                                                        </ForwardRef(Typography)>
                                                      </WithStyles(ForwardRef(Typography))>
                                                    </div>
                                                  </ForwardRef(Grid)>
                                                </WithStyles(ForwardRef(Grid))>
                                                <WithStyles(ForwardRef(Grid)) item={true}>
                                                  <ForwardRef(Grid) classes={{...}} item={true}>
                                                    <div className=\\"MuiGrid-root MuiGrid-item\\">
                                                      <WithStyles(ForwardRef(Button)) size=\\"small\\" color=\\"primary\\" variant=\\"contained\\" onClick={[Function: action]} className=\\"makeStyles-actionButton-10\\">
                                                        <ForwardRef(Button) classes={{...}} size=\\"small\\" color=\\"primary\\" variant=\\"contained\\" onClick={[Function: action]} className=\\"makeStyles-actionButton-10\\">
                                                          <WithStyles(ForwardRef(ButtonBase)) className=\\"MuiButton-root MuiButton-contained makeStyles-actionButton-10 MuiButton-containedPrimary MuiButton-containedSizeSmall MuiButton-sizeSmall\\" component=\\"button\\" disabled={false} focusRipple={true} focusVisibleClassName=\\"Mui-focusVisible\\" type=\\"button\\" onClick={[Function: action]}>
                                                            <ForwardRef(ButtonBase) classes={{...}} className=\\"MuiButton-root MuiButton-contained makeStyles-actionButton-10 MuiButton-containedPrimary MuiButton-containedSizeSmall MuiButton-sizeSmall\\" component=\\"button\\" disabled={false} focusRipple={true} focusVisibleClassName=\\"Mui-focusVisible\\" type=\\"button\\" onClick={[Function: action]}>
                                                              <button className=\\"MuiButtonBase-root MuiButton-root MuiButton-contained makeStyles-actionButton-10 MuiButton-containedPrimary MuiButton-containedSizeSmall MuiButton-sizeSmall\\" onBlur={[Function (anonymous)]} onClick={[Function: action]} onFocus={[Function (anonymous)]} onKeyDown={[Function (anonymous)]} onKeyUp={[Function (anonymous)]} onMouseDown={[Function (anonymous)]} onMouseLeave={[Function (anonymous)]} onMouseUp={[Function (anonymous)]} onDragLeave={[Function (anonymous)]} onTouchEnd={[Function (anonymous)]} onTouchMove={[Function (anonymous)]} onTouchStart={[Function (anonymous)]} tabIndex={0} type=\\"button\\" disabled={false}>
                                                                <span className=\\"MuiButton-label\\">
                                                                  Modifier email
                                                                </span>
                                                                <WithStyles(memo) center={false}>
                                                                  <ForwardRef(TouchRipple) classes={{...}} center={false}>
                                                                    <span className=\\"MuiTouchRipple-root\\">
                                                                      <TransitionGroup component={{...}} exit={true} childFactory={[Function: childFactory]} />
                                                                    </span>
                                                                  </ForwardRef(TouchRipple)>
                                                                </WithStyles(memo)>
                                                              </button>
                                                            </ForwardRef(ButtonBase)>
                                                          </WithStyles(ForwardRef(ButtonBase))>
                                                        </ForwardRef(Button)>
                                                      </WithStyles(ForwardRef(Button))>
                                                    </div>
                                                  </ForwardRef(Grid)>
                                                </WithStyles(ForwardRef(Grid))>
                                              </div>
                                            </ForwardRef(Grid)>
                                          </WithStyles(ForwardRef(Grid))>
                                          <WithStyles(ForwardRef(Typography)) noWrap={true} align=\\"left\\" className=\\"makeStyles-fieldValue-9 makeStyles-fieldValue-13\\">
                                            <ForwardRef(Typography) classes={{...}} noWrap={true} align=\\"left\\" className=\\"makeStyles-fieldValue-9 makeStyles-fieldValue-13\\">
                                              <p className=\\"MuiTypography-root makeStyles-fieldValue-9 makeStyles-fieldValue-13 MuiTypography-body1 MuiTypography-noWrap MuiTypography-alignLeft\\">
                                                testemail@yopmail.com
                                              </p>
                                            </ForwardRef(Typography)>
                                          </WithStyles(ForwardRef(Typography))>
                                          <AlertEmailNotActivated email=\\"testemail@yopmail.com\\">
                                            <WithStyles(ForwardRef(Alert)) severity=\\"error\\" className=\\"makeStyles-inactiveAlert-14\\">
                                              <ForwardRef(Alert) classes={{...}} severity=\\"error\\" className=\\"makeStyles-inactiveAlert-14\\">
                                                <WithStyles(ForwardRef(Paper)) role=\\"alert\\" square={true} elevation={0} className=\\"MuiAlert-root MuiAlert-standardError makeStyles-inactiveAlert-14\\">
                                                  <ForwardRef(Paper) classes={{...}} role=\\"alert\\" square={true} elevation={0} className=\\"MuiAlert-root MuiAlert-standardError makeStyles-inactiveAlert-14\\">
                                                    <div className=\\"MuiPaper-root MuiAlert-root MuiAlert-standardError makeStyles-inactiveAlert-14 MuiPaper-elevation0\\" role=\\"alert\\">
                                                      <div className=\\"MuiAlert-icon\\">
                                                        <ForwardRef(ErrorOutlineIcon) fontSize=\\"inherit\\">
                                                          <WithStyles(ForwardRef(SvgIcon)) fontSize=\\"inherit\\">
                                                            <ForwardRef(SvgIcon) classes={{...}} fontSize=\\"inherit\\">
                                                              <svg className=\\"MuiSvgIcon-root MuiSvgIcon-fontSizeInherit\\" focusable=\\"false\\" viewBox=\\"0 0 24 24\\" color={[undefined]} aria-hidden={true} role={[undefined]}>
                                                                <path d=\\"M11 15h2v2h-2zm0-8h2v6h-2zm.99-5C6.47 2 2 6.48 2 12s4.47 10 9.99 10C17.52 22 22 17.52 22 12S17.52 2 11.99 2zM12 20c-4.42 0-8-3.58-8-8s3.58-8 8-8 8 3.58 8 8-3.58 8-8 8z\\" />
                                                              </svg>
                                                            </ForwardRef(SvgIcon)>
                                                          </WithStyles(ForwardRef(SvgIcon))>
                                                        </ForwardRef(ErrorOutlineIcon)>
                                                      </div>
                                                      <div className=\\"MuiAlert-message\\">
                                                        <WithStyles(ForwardRef(AlertTitle)) className=\\"bold\\">
                                                          <ForwardRef(AlertTitle) classes={{...}} className=\\"bold\\">
                                                            <WithStyles(ForwardRef(Typography)) gutterBottom={true} component=\\"div\\" className=\\"MuiAlertTitle-root bold\\">
                                                              <ForwardRef(Typography) classes={{...}} gutterBottom={true} component=\\"div\\" className=\\"MuiAlertTitle-root bold\\">
                                                                <div className=\\"MuiTypography-root MuiAlertTitle-root bold MuiTypography-body1 MuiTypography-gutterBottom\\">
                                                                  Adresse email non activée
                                                                </div>
                                                              </ForwardRef(Typography)>
                                                            </WithStyles(ForwardRef(Typography))>
                                                          </ForwardRef(AlertTitle)>
                                                        </WithStyles(ForwardRef(AlertTitle))>
                                                        <WithStyles(ForwardRef(Typography)) className=\\"makeStyles-activationIntroLabel-15\\">
                                                          <ForwardRef(Typography) classes={{...}} className=\\"makeStyles-activationIntroLabel-15\\">
                                                            <p className=\\"MuiTypography-root makeStyles-activationIntroLabel-15 MuiTypography-body1\\">
                                                              Un email d&#39;activation vous a été envoyé à l&#39;adresse ci-dessus. L&#39;activation est nécessaire pour accéder aux services Mobilic.
                                                            </p>
                                                          </ForwardRef(Typography)>
                                                        </WithStyles(ForwardRef(Typography))>
                                                        <WithStyles(ForwardRef(List)) disablePadding={true}>
                                                          <ForwardRef(List) classes={{...}} disablePadding={true}>
                                                            <ul className=\\"MuiList-root\\">
                                                              <WithStyles(ForwardRef(ListItem)) disableGutters={true} dense={true} className=\\"makeStyles-emailCheckItem-17\\">
                                                                <ForwardRef(ListItem) classes={{...}} disableGutters={true} dense={true} className=\\"makeStyles-emailCheckItem-17\\">
                                                                  <li className=\\"MuiListItem-root makeStyles-emailCheckItem-17 MuiListItem-dense\\" disabled={false}>
                                                                    <WithStyles(ForwardRef(ListItemIcon)) className=\\"makeStyles-emailCheckIcon-16\\">
                                                                      <ForwardRef(ListItemIcon) classes={{...}} className=\\"makeStyles-emailCheckIcon-16\\">
                                                                        <div className=\\"MuiListItemIcon-root makeStyles-emailCheckIcon-16\\">
                                                                          👉
                                                                        </div>
                                                                      </ForwardRef(ListItemIcon)>
                                                                    </WithStyles(ForwardRef(ListItemIcon))>
                                                                    <WithStyles(ForwardRef(ListItemText)) primary=\\"Il peut mettre quelques minutes à arriver, merci pour votre patience\\">
                                                                      <ForwardRef(ListItemText) classes={{...}} primary=\\"Il peut mettre quelques minutes à arriver, merci pour votre patience\\">
                                                                        <div className=\\"MuiListItemText-root MuiListItemText-dense\\">
                                                                          <WithStyles(ForwardRef(Typography)) variant=\\"body2\\" className=\\"MuiListItemText-primary\\" component=\\"span\\" display=\\"block\\">
                                                                            <ForwardRef(Typography) classes={{...}} variant=\\"body2\\" className=\\"MuiListItemText-primary\\" component=\\"span\\" display=\\"block\\">
                                                                              <span className=\\"MuiTypography-root MuiListItemText-primary MuiTypography-body2 MuiTypography-displayBlock\\">
                                                                                Il peut mettre quelques minutes à arriver, merci pour votre patience
                                                                              </span>
                                                                            </ForwardRef(Typography)>
                                                                          </WithStyles(ForwardRef(Typography))>
                                                                        </div>
                                                                      </ForwardRef(ListItemText)>
                                                                    </WithStyles(ForwardRef(ListItemText))>
                                                                  </li>
                                                                </ForwardRef(ListItem)>
                                                              </WithStyles(ForwardRef(ListItem))>
                                                              <WithStyles(ForwardRef(ListItem)) disableGutters={true} dense={true} className=\\"makeStyles-emailCheckItem-17\\">
                                                                <ForwardRef(ListItem) classes={{...}} disableGutters={true} dense={true} className=\\"makeStyles-emailCheckItem-17\\">
                                                                  <li className=\\"MuiListItem-root makeStyles-emailCheckItem-17 MuiListItem-dense\\" disabled={false}>
                                                                    <WithStyles(ForwardRef(ListItemIcon)) className=\\"makeStyles-emailCheckIcon-16\\">
                                                                      <ForwardRef(ListItemIcon) classes={{...}} className=\\"makeStyles-emailCheckIcon-16\\">
                                                                        <div className=\\"MuiListItemIcon-root makeStyles-emailCheckIcon-16\\">
                                                                          👉
                                                                        </div>
                                                                      </ForwardRef(ListItemIcon)>
                                                                    </WithStyles(ForwardRef(ListItemIcon))>
                                                                    <WithStyles(ForwardRef(ListItemText)) primary=\\"Merci de vérifier vos spams\\">
                                                                      <ForwardRef(ListItemText) classes={{...}} primary=\\"Merci de vérifier vos spams\\">
                                                                        <div className=\\"MuiListItemText-root MuiListItemText-dense\\">
                                                                          <WithStyles(ForwardRef(Typography)) variant=\\"body2\\" className=\\"MuiListItemText-primary\\" component=\\"span\\" display=\\"block\\">
                                                                            <ForwardRef(Typography) classes={{...}} variant=\\"body2\\" className=\\"MuiListItemText-primary\\" component=\\"span\\" display=\\"block\\">
                                                                              <span className=\\"MuiTypography-root MuiListItemText-primary MuiTypography-body2 MuiTypography-displayBlock\\">
                                                                                Merci de vérifier vos spams
                                                                              </span>
                                                                            </ForwardRef(Typography)>
                                                                          </WithStyles(ForwardRef(Typography))>
                                                                        </div>
                                                                      </ForwardRef(ListItemText)>
                                                                    </WithStyles(ForwardRef(ListItemText))>
                                                                  </li>
                                                                </ForwardRef(ListItem)>
                                                              </WithStyles(ForwardRef(ListItem))>
                                                              <WithStyles(ForwardRef(ListItem)) disableGutters={true} dense={true} className=\\"makeStyles-emailCheckItem-17\\">
                                                                <ForwardRef(ListItem) classes={{...}} disableGutters={true} dense={true} className=\\"makeStyles-emailCheckItem-17\\">
                                                                  <li className=\\"MuiListItem-root makeStyles-emailCheckItem-17 MuiListItem-dense\\" disabled={false}>
                                                                    <WithStyles(ForwardRef(ListItemIcon)) className=\\"makeStyles-emailCheckIcon-16\\">
                                                                      <ForwardRef(ListItemIcon) classes={{...}} className=\\"makeStyles-emailCheckIcon-16\\">
                                                                        <div className=\\"MuiListItemIcon-root makeStyles-emailCheckIcon-16\\">
                                                                          👉
                                                                        </div>
                                                                      </ForwardRef(ListItemIcon)>
                                                                    </WithStyles(ForwardRef(ListItemIcon))>
                                                                    <WithStyles(ForwardRef(ListItemText)) primary=\\"Pour recevoir nos emails sans encombre, vous pouvez ajouter mobilic@beta.gouv.fr à votre liste de contacts\\">
                                                                      <ForwardRef(ListItemText) classes={{...}} primary=\\"Pour recevoir nos emails sans encombre, vous pouvez ajouter mobilic@beta.gouv.fr à votre liste de contacts\\">
                                                                        <div className=\\"MuiListItemText-root MuiListItemText-dense\\">
                                                                          <WithStyles(ForwardRef(Typography)) variant=\\"body2\\" className=\\"MuiListItemText-primary\\" component=\\"span\\" display=\\"block\\">
                                                                            <ForwardRef(Typography) classes={{...}} variant=\\"body2\\" className=\\"MuiListItemText-primary\\" component=\\"span\\" display=\\"block\\">
                                                                              <span className=\\"MuiTypography-root MuiListItemText-primary MuiTypography-body2 MuiTypography-displayBlock\\">
                                                                                Pour recevoir nos emails sans encombre, vous pouvez ajouter mobilic@beta.gouv.fr à votre liste de contacts
                                                                              </span>
                                                                            </ForwardRef(Typography)>
                                                                          </WithStyles(ForwardRef(Typography))>
                                                                        </div>
                                                                      </ForwardRef(ListItemText)>
                                                                    </WithStyles(ForwardRef(ListItemText))>
                                                                  </li>
                                                                </ForwardRef(ListItem)>
                                                              </WithStyles(ForwardRef(ListItem))>
                                                              <WithStyles(ForwardRef(ListItem)) disableGutters={true} dense={true} className=\\"makeStyles-emailCheckItem-17\\">
                                                                <ForwardRef(ListItem) classes={{...}} disableGutters={true} dense={true} className=\\"makeStyles-emailCheckItem-17\\">
                                                                  <li className=\\"MuiListItem-root makeStyles-emailCheckItem-17 MuiListItem-dense\\" disabled={false}>
                                                                    <WithStyles(ForwardRef(ListItemIcon)) className=\\"makeStyles-emailCheckIcon-16\\">
                                                                      <ForwardRef(ListItemIcon) classes={{...}} className=\\"makeStyles-emailCheckIcon-16\\">
                                                                        <div className=\\"MuiListItemIcon-root makeStyles-emailCheckIcon-16\\">
                                                                          👉
                                                                        </div>
                                                                      </ForwardRef(ListItemIcon)>
                                                                    </WithStyles(ForwardRef(ListItemIcon))>
                                                                    <WithStyles(ForwardRef(ListItemText)) primary=\\"Si vous n\\\\'avez pas reçu l\\\\'email de confirmation au bout d\\\\'une demi-heure, vous pouvez le renvoyer en cliquant sur le bouton ci dessous :\\">
                                                                      <ForwardRef(ListItemText) classes={{...}} primary=\\"Si vous n\\\\'avez pas reçu l\\\\'email de confirmation au bout d\\\\'une demi-heure, vous pouvez le renvoyer en cliquant sur le bouton ci dessous :\\">
                                                                        <div className=\\"MuiListItemText-root MuiListItemText-dense\\">
                                                                          <WithStyles(ForwardRef(Typography)) variant=\\"body2\\" className=\\"MuiListItemText-primary\\" component=\\"span\\" display=\\"block\\">
                                                                            <ForwardRef(Typography) classes={{...}} variant=\\"body2\\" className=\\"MuiListItemText-primary\\" component=\\"span\\" display=\\"block\\">
                                                                              <span className=\\"MuiTypography-root MuiListItemText-primary MuiTypography-body2 MuiTypography-displayBlock\\">
                                                                                Si vous n&#39;avez pas reçu l&#39;email de confirmation au bout d&#39;une demi-heure, vous pouvez le renvoyer en cliquant sur le bouton ci dessous :
                                                                              </span>
                                                                            </ForwardRef(Typography)>
                                                                          </WithStyles(ForwardRef(Typography))>
                                                                        </div>
                                                                      </ForwardRef(ListItemText)>
                                                                    </WithStyles(ForwardRef(ListItemText))>
                                                                  </li>
                                                                </ForwardRef(ListItem)>
                                                              </WithStyles(ForwardRef(ListItem))>
                                                              <WithStyles(ForwardRef(ListItem)) disableGutters={true} dense={true} className=\\"makeStyles-emailCheckItem-17\\">
                                                                <ForwardRef(ListItem) classes={{...}} disableGutters={true} dense={true} className=\\"makeStyles-emailCheckItem-17\\">
                                                                  <li className=\\"MuiListItem-root makeStyles-emailCheckItem-17 MuiListItem-dense\\" disabled={false}>
                                                                    <WithStyles(ForwardRef(ListItemIcon)) className=\\"makeStyles-emailCheckIcon-16\\">
                                                                      <ForwardRef(ListItemIcon) classes={{...}} className=\\"makeStyles-emailCheckIcon-16\\">
                                                                        <div className=\\"MuiListItemIcon-root makeStyles-emailCheckIcon-16\\" />
                                                                      </ForwardRef(ListItemIcon)>
                                                                    </WithStyles(ForwardRef(ListItemIcon))>
                                                                    <WithStyles(ForwardRef(Button)) size=\\"small\\" color=\\"primary\\" variant=\\"contained\\" data-qa=\\"resendActivationEmailButton\\" onClick={[Function: resendActivationEmail]}>
                                                                      <ForwardRef(Button) classes={{...}} size=\\"small\\" color=\\"primary\\" variant=\\"contained\\" data-qa=\\"resendActivationEmailButton\\" onClick={[Function: resendActivationEmail]}>
                                                                        <WithStyles(ForwardRef(ButtonBase)) className=\\"MuiButton-root MuiButton-contained MuiButton-containedPrimary MuiButton-containedSizeSmall MuiButton-sizeSmall\\" component=\\"button\\" disabled={false} focusRipple={true} focusVisibleClassName=\\"Mui-focusVisible\\" type=\\"button\\" data-qa=\\"resendActivationEmailButton\\" onClick={[Function: resendActivationEmail]}>
                                                                          <ForwardRef(ButtonBase) classes={{...}} className=\\"MuiButton-root MuiButton-contained MuiButton-containedPrimary MuiButton-containedSizeSmall MuiButton-sizeSmall\\" component=\\"button\\" disabled={false} focusRipple={true} focusVisibleClassName=\\"Mui-focusVisible\\" type=\\"button\\" data-qa=\\"resendActivationEmailButton\\" onClick={[Function: resendActivationEmail]}>
                                                                            <button className=\\"MuiButtonBase-root MuiButton-root MuiButton-contained MuiButton-containedPrimary MuiButton-containedSizeSmall MuiButton-sizeSmall\\" onBlur={[Function (anonymous)]} onClick={[Function: resendActivationEmail]} onFocus={[Function (anonymous)]} onKeyDown={[Function (anonymous)]} onKeyUp={[Function (anonymous)]} onMouseDown={[Function (anonymous)]} onMouseLeave={[Function (anonymous)]} onMouseUp={[Function (anonymous)]} onDragLeave={[Function (anonymous)]} onTouchEnd={[Function (anonymous)]} onTouchMove={[Function (anonymous)]} onTouchStart={[Function (anonymous)]} tabIndex={0} type=\\"button\\" disabled={false} data-qa=\\"resendActivationEmailButton\\">
                                                                              <span className=\\"MuiButton-label\\">
                                                                                Renvoyer l&#39;email d&#39;activation
                                                                              </span>
                                                                              <WithStyles(memo) center={false}>
                                                                                <ForwardRef(TouchRipple) classes={{...}} center={false}>
                                                                                  <span className=\\"MuiTouchRipple-root\\">
                                                                                    <TransitionGroup component={{...}} exit={true} childFactory={[Function: childFactory]} />
                                                                                  </span>
                                                                                </ForwardRef(TouchRipple)>
                                                                              </WithStyles(memo)>
                                                                            </button>
                                                                          </ForwardRef(ButtonBase)>
                                                                        </WithStyles(ForwardRef(ButtonBase))>
                                                                      </ForwardRef(Button)>
                                                                    </WithStyles(ForwardRef(Button))>
                                                                  </li>
                                                                </ForwardRef(ListItem)>
                                                              </WithStyles(ForwardRef(ListItem))>
                                                            </ul>
                                                          </ForwardRef(List)>
                                                        </WithStyles(ForwardRef(List))>
                                                      </div>
                                                    </div>
                                                  </ForwardRef(Paper)>
                                                </WithStyles(ForwardRef(Paper))>
                                              </ForwardRef(Alert)>
                                            </WithStyles(ForwardRef(Alert))>
                                          </AlertEmailNotActivated>
                                        </InfoItem>
                                      </div>
                                    </ForwardRef(Grid)>
                                  </WithStyles(ForwardRef(Grid))>
                                </div>
                              </ForwardRef(Grid)>
                            </WithStyles(ForwardRef(Grid))>
                          </div>
                        </Styled(MuiBox)>
                      </ForwardRef>
                    </div>
                  </ForwardRef(Container)>
                </WithStyles(ForwardRef(Container))>
              </div>
            </ForwardRef(Paper)>
          </WithStyles(ForwardRef(Paper))>
        </div>
      </ForwardRef(Container)>
    </WithStyles(ForwardRef(Container))>
  </PaperContainer>
</Home>"
`;
